// Jest Snapshot v1, https://goo.gl/fbAQLP

exports[`ReviewComponent review component renders correctly 1`] = `
<div
  className="review"
>
  <blockquote
    className="review__quote"
  >
    <p
      className="review__text"
    >
      
    </p>
    <footer
      className="review__details"
    >
      <cite
        className="review__author"
      >
        
      </cite>
      <time
        className="review__date"
        dateTime="2020-07-09T16:06:01.831Z"
      >
        July 09, 2020
      </time>
    </footer>
  </blockquote>
  <div
    className="review__rating"
  >
    0
  </div>
</div>
`;
