// Jest Snapshot v1, https://goo.gl/fbAQLP

exports[`FilmListComponent FilmList correct render 1`] = `
Array [
  <div
    className="catalog__movies-list"
  >
    <article
      className="small-movie-card catalog__movies-card"
      onMouseEnter={[Function]}
      onMouseLeave={[Function]}
    >
      <div
        className="small-movie-card__image"
        onClick={[Function]}
      >
        <video
          poster="img/fantastic-beasts-the-crimes-of-grindelwald.jpg"
          style={
            Object {
              "height": "100%",
              "width": "100%",
            }
          }
        />
      </div>
      <h3
        className="small-movie-card__title"
        onClick={[Function]}
      >
        <a
          className="small-movie-card__link"
          href="movie-page.html"
        >
          Fantastic Beasts: The Crimes of Grindelwald
        </a>
      </h3>
    </article>
  </div>,
  "",
]
`;
