// Jest Snapshot v1, https://goo.gl/fbAQLP

exports[`FilmListComponent FilmList correct render 1`] = `
<div
  className="catalog__movies-list"
>
  <article
    className="small-movie-card catalog__movies-card"
    onMouseEnter={[Function]}
    onMouseLeave={[Function]}
  >
    <a
      className="small-movie-card__image"
      href="/films/1"
      onClick={[Function]}
    >
      <video
        poster="fantastic-beasts-the-crimes-of-grindelwald"
        style={
          Object {
            "height": "100%",
            "width": "100%",
          }
        }
      />
    </a>
    <h3
      className="small-movie-card__title"
    >
      <a
        className="small-movie-card__link"
        href="/films/1"
        onClick={[Function]}
      >
        a
      </a>
    </h3>
  </article>
  <article
    className="small-movie-card catalog__movies-card"
    onMouseEnter={[Function]}
    onMouseLeave={[Function]}
  >
    <a
      className="small-movie-card__image"
      href="/films/2"
      onClick={[Function]}
    >
      <video
        poster="fantastic-beasts-the-crimes-of-grindelwald"
        style={
          Object {
            "height": "100%",
            "width": "100%",
          }
        }
      />
    </a>
    <h3
      className="small-movie-card__title"
    >
      <a
        className="small-movie-card__link"
        href="/films/2"
        onClick={[Function]}
      >
        b
      </a>
    </h3>
  </article>
</div>
`;
